
> tomo-learn@0.1.0 build
> next build

   ▲ Next.js 15.4.4

   Creating an optimized production build ...
 ✓ Compiled successfully in 3.0s
   Linting and checking validity of types ...

Failed to compile.

./src/app/about/page.tsx
157:95  Error: `'` can be escaped with `&apos;`, `&lsquo;`, `&#39;`, `&rsquo;`.  react/no-unescaped-entities
157:177  Error: `'` can be escaped with `&apos;`, `&lsquo;`, `&#39;`, `&rsquo;`.  react/no-unescaped-entities

./src/app/community/page.tsx
6:8  Warning: 'Link' is defined but never used.  @typescript-eslint/no-unused-vars
8:7  Warning: 'sectionKeys' is assigned a value but only used as a type.  @typescript-eslint/no-unused-vars
9:6  Warning: 'SectionKey' is defined but never used.  @typescript-eslint/no-unused-vars
110:15  Warning: Using `<img>` could result in slower LCP and higher bandwidth. Consider using `<Image />` from `next/image` or a custom image loader to automatically optimize images. This may incur additional usage or cost from your provider. See: https://nextjs.org/docs/messages/no-img-element  @next/next/no-img-element
150:19  Error: `"` can be escaped with `&quot;`, `&ldquo;`, `&#34;`, `&rdquo;`.  react/no-unescaped-entities
150:246  Error: `"` can be escaped with `&quot;`, `&ldquo;`, `&#34;`, `&rdquo;`.  react/no-unescaped-entities
187:91  Error: `'` can be escaped with `&apos;`, `&lsquo;`, `&#39;`, `&rsquo;`.  react/no-unescaped-entities
214:153  Error: `'` can be escaped with `&apos;`, `&lsquo;`, `&#39;`, `&rsquo;`.  react/no-unescaped-entities

./src/app/components/HeroSection.tsx
9:10  Warning: 'activeNavItem' is assigned a value but never used.  @typescript-eslint/no-unused-vars
9:25  Warning: 'setActiveNavItem' is assigned a value but never used.  @typescript-eslint/no-unused-vars
31:19  Warning: Using `<img>` could result in slower LCP and higher bandwidth. Consider using `<Image />` from `next/image` or a custom image loader to automatically optimize images. This may incur additional usage or cost from your provider. See: https://nextjs.org/docs/messages/no-img-element  @next/next/no-img-element
48:19  Warning: Using `<img>` could result in slower LCP and higher bandwidth. Consider using `<Image />` from `next/image` or a custom image loader to automatically optimize images. This may incur additional usage or cost from your provider. See: https://nextjs.org/docs/messages/no-img-element  @next/next/no-img-element

./src/app/contents/Home.tsx
7:7  Warning: 'sectionKeys' is assigned a value but only used as a type.  @typescript-eslint/no-unused-vars
8:6  Warning: 'SectionKey' is defined but never used.  @typescript-eslint/no-unused-vars
12:24  Warning: 'setStreakDays' is assigned a value but never used.  @typescript-eslint/no-unused-vars
272:86  Error: `'` can be escaped with `&apos;`, `&lsquo;`, `&#39;`, `&rsquo;`.  react/no-unescaped-entities
335:55  Warning: 'index' is defined but never used.  @typescript-eslint/no-unused-vars
343:49  Warning: Using `<img>` could result in slower LCP and higher bandwidth. Consider using `<Image />` from `next/image` or a custom image loader to automatically optimize images. This may incur additional usage or cost from your provider. See: https://nextjs.org/docs/messages/no-img-element  @next/next/no-img-element
529:41  Error: `"` can be escaped with `&quot;`, `&ldquo;`, `&#34;`, `&rdquo;`.  react/no-unescaped-entities
529:81  Error: `"` can be escaped with `&quot;`, `&ldquo;`, `&#34;`, `&rdquo;`.  react/no-unescaped-entities

./src/app/courses/[id]/AboutSection.tsx
5:11  Error: Unexpected any. Specify a different type.  @typescript-eslint/no-explicit-any
17:25  Error: `'` can be escaped with `&apos;`, `&lsquo;`, `&#39;`, `&rsquo;`.  react/no-unescaped-entities
44:17  Warning: Using `<img>` could result in slower LCP and higher bandwidth. Consider using `<Image />` from `next/image` or a custom image loader to automatically optimize images. This may incur additional usage or cost from your provider. See: https://nextjs.org/docs/messages/no-img-element  @next/next/no-img-element
119:21  Error: `"` can be escaped with `&quot;`, `&ldquo;`, `&#34;`, `&rdquo;`.  react/no-unescaped-entities
119:133  Error: `"` can be escaped with `&quot;`, `&ldquo;`, `&#34;`, `&rdquo;`.  react/no-unescaped-entities

./src/app/courses/[id]/CTASection.tsx
6:8  Warning: 'Link' is defined but never used.  @typescript-eslint/no-unused-vars
9:11  Error: Unexpected any. Specify a different type.  @typescript-eslint/no-explicit-any
35:58  Error: `'` can be escaped with `&apos;`, `&lsquo;`, `&#39;`, `&rsquo;`.  react/no-unescaped-entities
150:15  Warning: Using `<img>` could result in slower LCP and higher bandwidth. Consider using `<Image />` from `next/image` or a custom image loader to automatically optimize images. This may incur additional usage or cost from your provider. See: https://nextjs.org/docs/messages/no-img-element  @next/next/no-img-element

./src/app/courses/[id]/CourseHero.tsx
16:11  Error: Unexpected any. Specify a different type.  @typescript-eslint/no-explicit-any
195:15  Warning: Using `<img>` could result in slower LCP and higher bandwidth. Consider using `<Image />` from `next/image` or a custom image loader to automatically optimize images. This may incur additional usage or cost from your provider. See: https://nextjs.org/docs/messages/no-img-element  @next/next/no-img-element

./src/app/courses/[id]/CourseOverview.tsx
4:35  Warning: 'LinearProgress' is defined but never used.  @typescript-eslint/no-unused-vars
7:11  Error: Unexpected any. Specify a different type.  @typescript-eslint/no-explicit-any
27:19  Warning: Using `<img>` could result in slower LCP and higher bandwidth. Consider using `<Image />` from `next/image` or a custom image loader to automatically optimize images. This may incur additional usage or cost from your provider. See: https://nextjs.org/docs/messages/no-img-element  @next/next/no-img-element
113:78  Error: `'` can be escaped with `&apos;`, `&lsquo;`, `&#39;`, `&rsquo;`.  react/no-unescaped-entities

./src/app/courses/[id]/InstructorSection.tsx
4:10  Warning: 'Avatar' is defined but never used.  @typescript-eslint/no-unused-vars
8:15  Error: Unexpected any. Specify a different type.  @typescript-eslint/no-explicit-any
21:37  Error: `'` can be escaped with `&apos;`, `&lsquo;`, `&#39;`, `&rsquo;`.  react/no-unescaped-entities
29:15  Warning: Using `<img>` could result in slower LCP and higher bandwidth. Consider using `<Image />` from `next/image` or a custom image loader to automatically optimize images. This may incur additional usage or cost from your provider. See: https://nextjs.org/docs/messages/no-img-element  @next/next/no-img-element
56:21  Error: `"` can be escaped with `&quot;`, `&ldquo;`, `&#34;`, `&rdquo;`.  react/no-unescaped-entities
56:95  Error: `'` can be escaped with `&apos;`, `&lsquo;`, `&#39;`, `&rsquo;`.  react/no-unescaped-entities
56:149  Error: `"` can be escaped with `&quot;`, `&ldquo;`, `&#34;`, `&rdquo;`.  react/no-unescaped-entities

./src/app/courses/[id]/ReviewsSection.tsx
8:12  Error: Unexpected any. Specify a different type.  @typescript-eslint/no-explicit-any
105:19  Error: `"` can be escaped with `&quot;`, `&ldquo;`, `&#34;`, `&rdquo;`.  react/no-unescaped-entities
105:36  Error: `"` can be escaped with `&quot;`, `&ldquo;`, `&#34;`, `&rdquo;`.  react/no-unescaped-entities

./src/app/courses/[id]/SyllabusSection.tsx
11:11  Error: Unexpected any. Specify a different type.  @typescript-eslint/no-explicit-any
140:41  Error: Unexpected any. Specify a different type.  @typescript-eslint/no-explicit-any
191:46  Error: Unexpected any. Specify a different type.  @typescript-eslint/no-explicit-any

./src/app/courses/[id]/lesson/[lessonId]/InteractiveLesson.tsx
4:62  Warning: 'Box' is defined but never used.  @typescript-eslint/no-unused-vars
25:10  Warning: 'paths' is assigned a value but never used.  @typescript-eslint/no-unused-vars

./src/app/courses/[id]/lesson/[lessonId]/LessonDetail.tsx
4:20  Warning: 'useRef' is defined but never used.  @typescript-eslint/no-unused-vars
4:28  Warning: 'useEffect' is defined but never used.  @typescript-eslint/no-unused-vars
7:3  Warning: 'Breadcrumbs' is defined but never used.  @typescript-eslint/no-unused-vars
8:3  Warning: 'Chip' is defined but never used.  @typescript-eslint/no-unused-vars
11:3  Warning: 'CardContent' is defined but never used.  @typescript-eslint/no-unused-vars
12:3  Warning: 'LinearProgress' is defined but never used.  @typescript-eslint/no-unused-vars
13:3  Warning: 'IconButton' is defined but never used.  @typescript-eslint/no-unused-vars
15:3  Warning: 'Box' is defined but never used.  @typescript-eslint/no-unused-vars
16:3  Warning: 'Paper' is defined but never used.  @typescript-eslint/no-unused-vars
17:3  Warning: 'Divider' is defined but never used.  @typescript-eslint/no-unused-vars
20:16  Warning: 'PlayIcon' is defined but never used.  @typescript-eslint/no-unused-vars
21:12  Warning: 'PauseIcon' is defined but never used.  @typescript-eslint/no-unused-vars
22:15  Warning: 'VolumeIcon' is defined but never used.  @typescript-eslint/no-unused-vars
23:18  Warning: 'CheckIcon' is defined but never used.  @typescript-eslint/no-unused-vars
24:16  Warning: 'ArrowBackIcon' is defined but never used.  @typescript-eslint/no-unused-vars
25:19  Warning: 'ArrowForwardIcon' is defined but never used.  @typescript-eslint/no-unused-vars
26:19  Warning: 'NavigateNextIcon' is defined but never used.  @typescript-eslint/no-unused-vars
27:10  Warning: 'MicIcon' is defined but never used.  @typescript-eslint/no-unused-vars
28:13  Warning: 'MicOffIcon' is defined but never used.  @typescript-eslint/no-unused-vars
29:13  Warning: 'ReplayIcon' is defined but never used.  @typescript-eslint/no-unused-vars
219:18  Error: `'` can be escaped with `&apos;`, `&lsquo;`, `&#39;`, `&rsquo;`.  react/no-unescaped-entities

./src/app/courses/[id]/lesson/[lessonId]/LessonHeader.tsx
66:44  Error: Unexpected any. Specify a different type.  @typescript-eslint/no-explicit-any

./src/app/courses/[id]/lesson/[lessonId]/QuizLesson.tsx
9:11  Error: Unexpected any. Specify a different type.  @typescript-eslint/no-explicit-any

./src/app/courses/[id]/lesson/[lessonId]/SpeakingLesson.tsx
4:71  Warning: 'Box' is defined but never used.  @typescript-eslint/no-unused-vars
10:15  Warning: 'VolumeIcon' is defined but never used.  @typescript-eslint/no-unused-vars
43:55  Error: React Hook "useState" is called conditionally. React Hooks must be called in the exact same order in every component render.  react-hooks/rules-of-hooks
44:41  Error: React Hook "useState" is called conditionally. React Hooks must be called in the exact same order in every component render.  react-hooks/rules-of-hooks
45:51  Error: React Hook "useState" is called conditionally. React Hooks must be called in the exact same order in every component render.  react-hooks/rules-of-hooks
46:45  Error: React Hook "useState" is called conditionally. React Hooks must be called in the exact same order in every component render.  react-hooks/rules-of-hooks
47:55  Error: React Hook "useState" is called conditionally. React Hooks must be called in the exact same order in every component render.  react-hooks/rules-of-hooks
48:47  Error: React Hook "useState" is called conditionally. React Hooks must be called in the exact same order in every component render.  react-hooks/rules-of-hooks
49:43  Error: React Hook "useState" is called conditionally. React Hooks must be called in the exact same order in every component render.  react-hooks/rules-of-hooks
52:32  Error: React Hook "useRef" is called conditionally. React Hooks must be called in the exact same order in every component render.  react-hooks/rules-of-hooks
53:20  Error: React Hook "useRef" is called conditionally. React Hooks must be called in the exact same order in every component render.  react-hooks/rules-of-hooks
56:3  Error: React Hook "useEffect" is called conditionally. React Hooks must be called in the exact same order in every component render.  react-hooks/rules-of-hooks
257:19  Error: `"` can be escaped with `&quot;`, `&ldquo;`, `&#34;`, `&rdquo;`.  react/no-unescaped-entities
257:43  Error: `"` can be escaped with `&quot;`, `&ldquo;`, `&#34;`, `&rdquo;`.  react/no-unescaped-entities

./src/app/courses/[id]/lesson/[lessonId]/VideoLesson.tsx
4:41  Warning: 'Box' is defined but never used.  @typescript-eslint/no-unused-vars
108:6  Warning: React Hook useEffect has a missing dependency: 'simulateVideoPlayback'. Either include it or remove the dependency array.  react-hooks/exhaustive-deps
228:15  Warning: Using `<img>` could result in slower LCP and higher bandwidth. Consider using `<Image />` from `next/image` or a custom image loader to automatically optimize images. This may incur additional usage or cost from your provider. See: https://nextjs.org/docs/messages/no-img-element  @next/next/no-img-element

./src/app/courses/[id]/page.tsx
2:10  Warning: 'useState' is defined but never used.  @typescript-eslint/no-unused-vars
3:8  Warning: 'Link' is defined but never used.  @typescript-eslint/no-unused-vars
5:3  Warning: 'Card' is defined but never used.  @typescript-eslint/no-unused-vars
6:3  Warning: 'CardContent' is defined but never used.  @typescript-eslint/no-unused-vars
7:3  Warning: 'CardMedia' is defined but never used.  @typescript-eslint/no-unused-vars
8:3  Warning: 'Chip' is defined but never used.  @typescript-eslint/no-unused-vars
9:3  Warning: 'Button' is defined but never used.  @typescript-eslint/no-unused-vars
10:3  Warning: 'Accordion' is defined but never used.  @typescript-eslint/no-unused-vars
11:3  Warning: 'AccordionSummary' is defined but never used.  @typescript-eslint/no-unused-vars
12:3  Warning: 'AccordionDetails' is defined but never used.  @typescript-eslint/no-unused-vars
13:3  Warning: 'Avatar' is defined but never used.  @typescript-eslint/no-unused-vars
14:3  Warning: 'Tooltip' is defined but never used.  @typescript-eslint/no-unused-vars
15:3  Warning: 'LinearProgress' is defined but never used.  @typescript-eslint/no-unused-vars
16:3  Warning: 'Rating' is defined but never used.  @typescript-eslint/no-unused-vars
17:3  Warning: 'Grid' is defined but never used.  @typescript-eslint/no-unused-vars
18:3  Warning: 'Box' is defined but never used.  @typescript-eslint/no-unused-vars
19:3  Warning: 'Typography' is defined but never used.  @typescript-eslint/no-unused-vars
20:3  Warning: 'IconButton' is defined but never used.  @typescript-eslint/no-unused-vars
23:17  Warning: 'ExpandMoreIcon' is defined but never used.  @typescript-eslint/no-unused-vars
24:16  Warning: 'PlayArrowIcon' is defined but never used.  @typescript-eslint/no-unused-vars
25:11  Warning: 'QuizIcon' is defined but never used.  @typescript-eslint/no-unused-vars
26:13  Warning: 'SchoolIcon' is defined but never used.  @typescript-eslint/no-unused-vars
27:17  Warning: 'AccessTimeIcon' is defined but never used.  @typescript-eslint/no-unused-vars
28:11  Warning: 'StarIcon' is defined but never used.  @typescript-eslint/no-unused-vars
29:18  Warning: 'CheckCircleIcon' is defined but never used.  @typescript-eslint/no-unused-vars
30:11  Warning: 'LockIcon' is defined but never used.  @typescript-eslint/no-unused-vars
31:15  Warning: 'FavoriteIcon' is defined but never used.  @typescript-eslint/no-unused-vars
32:21  Warning: 'FavoriteBorderIcon' is defined but never used.  @typescript-eslint/no-unused-vars
33:12  Warning: 'ShareIcon' is defined but never used.  @typescript-eslint/no-unused-vars
34:21  Warning: 'BookmarkBorderIcon' is defined but never used.  @typescript-eslint/no-unused-vars
164:44  Warning: 'params' is defined but never used.  @typescript-eslint/no-unused-vars

./src/app/courses/page.tsx
7:7  Warning: 'sectionKeys' is assigned a value but only used as a type.  @typescript-eslint/no-unused-vars
8:6  Warning: 'SectionKey' is defined but never used.  @typescript-eslint/no-unused-vars
238:6  Warning: React Hook useEffect has a missing dependency: 'courses'. Either include it or remove the dependency array.  react-hooks/exhaustive-deps
371:25  Warning: Using `<img>` could result in slower LCP and higher bandwidth. Consider using `<Image />` from `next/image` or a custom image loader to automatically optimize images. This may incur additional usage or cost from your provider. See: https://nextjs.org/docs/messages/no-img-element  @next/next/no-img-element

./src/app/page.tsx
2:8  Warning: 'HeroSection' is defined but never used.  @typescript-eslint/no-unused-vars
6:8  Warning: 'Footer' is defined but never used.  @typescript-eslint/no-unused-vars

./src/app/payment/OrderSummary.tsx
121:64  Error: `'` can be escaped with `&apos;`, `&lsquo;`, `&#39;`, `&rsquo;`.  react/no-unescaped-entities

./src/app/payment/PaymentMethods.tsx
13:42  Warning: 'selectedMethod' is defined but never used.  @typescript-eslint/no-unused-vars

./src/app/payment/SecurityBadge.tsx
4:10  Warning: 'Box' is defined but never used.  @typescript-eslint/no-unused-vars

./src/app/payment/page.tsx
9:3  Warning: 'Tabs' is defined but never used.  @typescript-eslint/no-unused-vars
10:3  Warning: 'Tab' is defined but never used.  @typescript-eslint/no-unused-vars
11:3  Warning: 'Box' is defined but never used.  @typescript-eslint/no-unused-vars
12:3  Warning: 'Accordion' is defined but never used.  @typescript-eslint/no-unused-vars
13:3  Warning: 'AccordionSummary' is defined but never used.  @typescript-eslint/no-unused-vars
14:3  Warning: 'AccordionDetails' is defined but never used.  @typescript-eslint/no-unused-vars
17:3  Warning: 'Chip' is defined but never used.  @typescript-eslint/no-unused-vars
20:8  Warning: 'ExpandMoreIcon' is defined but never used.  @typescript-eslint/no-unused-vars
290:25  Warning: Using `<img>` could result in slower LCP and higher bandwidth. Consider using `<Image />` from `next/image` or a custom image loader to automatically optimize images. This may incur additional usage or cost from your provider. See: https://nextjs.org/docs/messages/no-img-element  @next/next/no-img-element
304:26  Error: `'` can be escaped with `&apos;`, `&lsquo;`, `&#39;`, `&rsquo;`.  react/no-unescaped-entities

./src/app/profile/page.tsx
8:7  Warning: 'sectionKeys' is assigned a value but only used as a type.  @typescript-eslint/no-unused-vars
9:6  Warning: 'SectionKey' is defined but never used.  @typescript-eslint/no-unused-vars
93:12  Warning: 'activeTab' is assigned a value but never used.  @typescript-eslint/no-unused-vars
93:23  Warning: 'setActiveTab' is assigned a value but never used.  @typescript-eslint/no-unused-vars
251:45  Warning: Using `<img>` could result in slower LCP and higher bandwidth. Consider using `<Image />` from `next/image` or a custom image loader to automatically optimize images. This may incur additional usage or cost from your provider. See: https://nextjs.org/docs/messages/no-img-element  @next/next/no-img-element

./src/app/signin/page.tsx
39:13  Warning: Using `<img>` could result in slower LCP and higher bandwidth. Consider using `<Image />` from `next/image` or a custom image loader to automatically optimize images. This may incur additional usage or cost from your provider. See: https://nextjs.org/docs/messages/no-img-element  @next/next/no-img-element
156:20  Error: `'` can be escaped with `&apos;`, `&lsquo;`, `&#39;`, `&rsquo;`.  react/no-unescaped-entities

./src/app/signup/page.tsx
98:13  Warning: Using `<img>` could result in slower LCP and higher bandwidth. Consider using `<Image />` from `next/image` or a custom image loader to automatically optimize images. This may incur additional usage or cost from your provider. See: https://nextjs.org/docs/messages/no-img-element  @next/next/no-img-element
137:69  Error: `'` can be escaped with `&apos;`, `&lsquo;`, `&#39;`, `&rsquo;`.  react/no-unescaped-entities

./src/app/terms/page.tsx
14:3  Warning: 'Divider' is defined but never used.  @typescript-eslint/no-unused-vars
43:9  Warning: 'handleAcceptAndContinue' is assigned a value but never used.  @typescript-eslint/no-unused-vars
163:88  Error: `'` can be escaped with `&apos;`, `&lsquo;`, `&#39;`, `&rsquo;`.  react/no-unescaped-entities
364:37  Error: `'` can be escaped with `&apos;`, `&lsquo;`, `&#39;`, `&rsquo;`.  react/no-unescaped-entities

info  - Need to disable some ESLint rules? Learn more here: https://nextjs.org/docs/app/api-reference/config/eslint#disabling-rules
